*
north
east
south
west
up
down
enter
out
spy
buy
deposit
withdraw
cast
ply
check
exits
get
search
inventory
kill
fight
call
mount
unmount
bus
look
lore
order
rest
sleep
stand
stock
tell
task
wield
serial
wizhelp
history
areas
bug
commands
compare
consider
equipment
examine
help
man
idea
report
pagelength
score
hp
socials
time
typo
weather
who
where
wizlist
hero
ipcs
auto
autoexit
autoloot
autosac
automap
blank
brief
channels
combine
config
mode
angel
turn
notify
description
password
prompt
title
cname
email
friend
badfriend
wimpy
memory
perm
test
free
debug
sysinfo
uname
top
sysconf
ps
liquid
users
flow
site
multi
mud
netstat
tcp
md
touch
rm
rd
cp
pwd
cd
cat
grep
whereis
ls
alias
okip
cls
map
marry
gamble
finger
data
xnames
lotto
chance
rebirth
vocation
gift
enable
tick
answer
auction
bet
club
clubset
chat
chat_1
chatsocial
cchat
clubchat
gchat
gchat_1
emote
emote_1
gtell
send
music
note
vote
joke
notepad
edit
post
question
qstat
qset
reply
query
say
say_1
phone
shout
yell
close
drink
drop
store
toss
pick
eat
fill
give
endow
hold
list
home
ask
enquire
lock
cachet
open
put
load
fire
release
recite
remove
sell
repair
rename
sacrifice
crave
unlock
credit
value
wear
flee
murder
wanted
donate
bounty
follow
group
learn
skill
leftskill
quit
dormancy
suicide
retire
recall
recall_1
save
backup
split
train
trade
hire
visible
wake
find
pry
status
address
advance
habilitate
trust
allow
ban
deny
disconnect
freeze
reboot
shutdown
jail
cleanup
lockcmd
wizlock
force
forsake
log
mload
mset
miset
sale
noemote
notell
nuke
reload
oload
oset
owhere
olevel
oaf
see
sector
pardon
peace
purge
restore
rset
silence
slay
snoop
lset
sset
lfind
transfer
mpstat
at
bamfin
bamfout
echo
aecho
goto
holylight
invis
death
mfind
mstat
mlist
mwhere
mlevel
fcntl
filename
filestat
shop
event
level
ship
board
read
paint
study
ofind
ostat
otype
olist
recho
rstat
prof
llookup
llink
damage
sefind
system
rlimit
immtalk
immtalk_1
directory
mpadd
mpasound
mpjunk
mpecho
mpechoat
mpechoaround
mpkill
mplset
mpmload
mpoload
mppurge
mpgoto
mpat
mptransfer
mpforce
mpremenemy
mpremquest
mpsetenemy
mpsetquest
mpsay
mpchat
mpclean
