* 這個檔案是用來表示所有區域的目錄﹐所以請寫下想要掛上的區域
* 名稱﹐但是第一個區域必須是預設的區域﹐也就是一些基本物品和
* 基本房間的區域﹐所以第一個目錄系統會自動認定為預設區域﹐還
* 有玩家自己寫的區域是不必寫入的﹐因為系統會自動讀取。
* 請注意﹐這個是有前後順序的﹐所以物品不能向後參考。

* 舊版既有區域
* limbo 房間 0001-0500 (預設基本區域)
limbo

* loyang 房間 0501-0744 (洛陽)
loyang

* beiping 房間 9001-9063 (北平)
beiping

* new 房間 0450-0477 (新手試煉)
new

* newfight 房間 1201-1295 (新手戰鬥區)
newfight

* pk_area 房間 1301-1333 (PK區)
pk_area

* free_fight 房間 7001-7044 (自由戰鬥區)
free_fight

* 新版重建區域
* loyang_outskirts 房間 7501-7512 (洛陽東郊)
loyang_outskirts

* wild_longqu_hills 房間 9401-9410 (龍渠丘陵)
wild_longqu_hills

* dng_loyang_sewer 房間 9451-9460 (洛陽地下水區)
dng_loyang_sewer

* dng_sewer_depths 房間 9461-9470 (地下深渠)
dng_sewer_depths

* dng_royal_tomb 房間 9481-9490 (帝王古墓)
dng_royal_tomb

* sec_catacomb_depths 房間 9491-9499 (忘川地穴)
sec_catacomb_depths

* sec_rift_below 房間 9501-9512 (異象裂谷)
sec_rift_below

* sec_rift_core 房間 9601-9612 (裂谷心核)
sec_rift_core

* sec_rift_deeps 房間 9701-9712 (裂界深層)
sec_rift_deeps

* beiping_outskirts 房間 9101-9108 (北平郊區)
beiping_outskirts

* jingxiang_road 房間 9301-9310 (荊襄大道)
jingxiang_road

* sec_rift_abyss 房間 9801-9812 (裂界禁底)
sec_rift_abyss

* sec_rift_nadir 房間 9901-9912 (裂界禁牢)
sec_rift_nadir

* sec_rift_prison_core 房間 10001-10012 (封印核心)
sec_rift_prison_core

* sec_rift_underseal_dais 房間 10101-10112 (鎮封底座)
sec_rift_underseal_dais

* sec_rift_true_core 房間 10201-10212 (裂界本核)
sec_rift_true_core

* sec_rift_core_below 房間 10301-10312 (裂核下層)
sec_rift_core_below

* sec_rift_core_below_deeps 房間 10401-10412 (裂核深層)
sec_rift_core_below_deeps

* sec_rift_core_vein_abyss 房間 10501-10512 (裂核脈淵)
sec_rift_core_vein_abyss

* sec_rift_underseal_basin 房間 10601-10620 (禁底封脈盆)
sec_rift_underseal_basin

* sec_rift_sealed_core_basin 房間 10701-10720 (封核沉盆)
sec_rift_sealed_core_basin

* sec_rift_sealed_core_heart 房間 10801-10820 (封心核心)
sec_rift_sealed_core_heart

* sec_rift_core_spirit_nadir 房間 10901-10920 (核心魄淵)
sec_rift_core_spirit_nadir

* sec_rift_core_spirit_abyss 房間 11001-11020 (魄淵深井)
sec_rift_core_spirit_abyss

* sec_rift_spirit_core_hollow 房間 11101-11120 (魄核空井)
sec_rift_spirit_core_hollow

* sec_rift_spirit_core_void 房間 11201-11220 (裂魄空心)
sec_rift_spirit_core_void

* sec_rift_spirit_core_vacuum 房間 11301-11320 (裂魄真空)
sec_rift_spirit_core_vacuum

* sec_rift_spirit_core_null 房間 11401-11420 (裂魄歸零)
sec_rift_spirit_core_null
