* 這個檔案是用來表示所有區域的目錄﹐所以請寫下想要掛上的區域
* 名稱﹐但是第一個區域必須是預設的區域﹐也就是一些基本物品和
* 基本房間的區域﹐所以第一個目錄系統會自動認定為預設區域﹐還
* 有玩家自己寫的區域是不必寫入的﹐因為系統會自動讀取。
* 請注意﹐這個是有前後順序的﹐所以物品不能向後參考。

* 舊版既有區域
* limbo 房間 0001-0500 (預設基本區域)
limbo

* loyang 房間 0501-0744 (洛陽)
loyang

* beiping 房間 9001-9063 (北平)
beiping

* new 房間 0450-0477 (新手試煉)
new

* newfight 房間 1201-1295 (新手戰鬥區)
newfight

* pk_area 房間 1301-1333 (PK區)
pk_area

* free_fight 房間 7001-7044 (自由戰鬥區)
free_fight

* 新版重建區域
* loyang_outskirts 房間 7501-7512 (洛陽東郊)
loyang_outskirts

* wild_longqu_hills 房間 9401-9410 (龍渠丘陵)
wild_longqu_hills

* dng_loyang_sewer 房間 9451-9460 (洛陽地下水區)
dng_loyang_sewer

* dng_sewer_depths 房間 9461-9470 (地下深渠)
dng_sewer_depths

* dng_royal_tomb 房間 9481-9490 (帝王古墓)
dng_royal_tomb

* sec_catacomb_depths 房間 9491-9499 (忘川地穴)
sec_catacomb_depths

* sec_rift_below 房間 9501-9512 (異象裂谷)
sec_rift_below

* sec_rift_core 房間 9601-9612 (裂谷心核)
sec_rift_core

* sec_rift_deeps 房間 9701-9712 (裂界深層)
sec_rift_deeps

* beiping_outskirts 房間 9101-9108 (北平郊區)
beiping_outskirts

* jingxiang_road 房間 9301-9310 (荊襄大道)
jingxiang_road

* sec_rift_abyss 房間 9801-9812 (裂界禁底)
sec_rift_abyss

* sec_rift_nadir 房間 9901-9912 (裂界禁牢)
sec_rift_nadir

* sec_rift_prison_core 房間 10001-10012 (封印核心)
sec_rift_prison_core

* sec_rift_underseal_dais 房間 10101-10112 (鎮封底座)
sec_rift_underseal_dais

* sec_rift_true_core 房間 10201-10212 (裂界本核)
sec_rift_true_core

* sec_rift_core_below 房間 10301-10312 (裂核下層)
sec_rift_core_below

* sec_rift_core_below_deeps 房間 10401-10412 (裂核深層)
sec_rift_core_below_deeps

* sec_rift_core_vein_abyss 房間 10501-10512 (裂核脈淵)
sec_rift_core_vein_abyss

* sec_rift_underseal_basin 房間 10601-10620 (禁底封脈盆)
sec_rift_underseal_basin

* sec_rift_sealed_core_basin 房間 10701-10720 (封核沉盆)
sec_rift_sealed_core_basin

* sec_rift_sealed_core_heart 房間 10801-10820 (封心核心)
sec_rift_sealed_core_heart

* sec_rift_core_spirit_nadir 房間 10901-10920 (核心魄淵)
sec_rift_core_spirit_nadir

* sec_rift_core_spirit_abyss 房間 11001-11020 (魄淵深井)
sec_rift_core_spirit_abyss

* sec_rift_spirit_core_hollow 房間 11101-11120 (魄核空井)
sec_rift_spirit_core_hollow

* sec_rift_spirit_core_void 房間 11201-11220 (裂魄空心)
sec_rift_spirit_core_void

* sec_rift_spirit_core_vacuum 房間 11301-11320 (裂魄真空)
sec_rift_spirit_core_vacuum

* sec_rift_spirit_core_null 房間 11401-11420 (裂魄歸零)
sec_rift_spirit_core_null

* sec_rift_spirit_core_zero 房間 11501-11520 (裂魄零界)
sec_rift_spirit_core_zero

* sec_rift_spirit_core_blank 房間 11601-11620 (裂魄空白)
sec_rift_spirit_core_blank

* sec_rift_spirit_core_white 房間 11701-11720 (裂魄白界)
sec_rift_spirit_core_white

* sec_rift_spirit_core_plain 房間 11801-11820 (裂魄素界)
sec_rift_spirit_core_plain

* sec_rift_spirit_core_faint 房間 11901-11920 (裂魄澹界)
sec_rift_spirit_core_faint

* sec_rift_spirit_core_trace 房間 12001-12020 (裂魄微界)
sec_rift_spirit_core_trace

* sec_rift_spirit_core_mote 房間 12101-12120 (裂魄塵界)
sec_rift_spirit_core_mote

* sec_rift_spirit_core_grain 房間 12201-12220 (裂魄粒界)
sec_rift_spirit_core_grain

* sec_rift_spirit_core_last 房間 12301-12320 (裂魄末界)
sec_rift_spirit_core_last

* sec_rift_spirit_core_final 房間 12401-12420 (裂魄終界)
sec_rift_spirit_core_final

* sec_rift_spirit_core_terminal 房間 12501-12520 (裂魄絕界)
sec_rift_spirit_core_terminal

* sec_rift_spirit_core_extinct 房間 12601-12620 (裂魄滅界)
sec_rift_spirit_core_extinct

* sec_rift_spirit_core_silent 房間 12701-12720 (裂魄寂界)
sec_rift_spirit_core_silent

* sec_rift_spirit_core_dim 房間 12801-12820 (裂魄寥界)
sec_rift_spirit_core_dim

* sec_rift_spirit_core_gloam 房間 12901-12920 (裂魄微寥)
sec_rift_spirit_core_gloam

* sec_rift_spirit_core_umbral 房間 13001-13020 (裂魄晦界)
sec_rift_spirit_core_umbral
sec_rift_spirit_core_nether
sec_rift_spirit_core_stygian
sec_rift_spirit_core_chthonic
sec_rift_spirit_core_abysmal
sec_rift_spirit_core_tartarean
sec_rift_spirit_core_infernal
sec_rift_spirit_core_gehennal

* city_chenliu 房間 13801-13830 (陳留)
city_chenliu

* wild_puyang_forest 房間 13901-13930 (濮陽林野)
wild_puyang_forest

* dng_guandu_battlefield 房間 14001-14030 (官渡古戰場)
dng_guandu_battlefield

* fort_hulao 房間 14101-14120 (虎牢關)
fort_hulao

* city_xiangyang 房間 14201-14230 (襄陽城)
city_xiangyang

* wild_jiangxia_river 房間 14301-14330 (江夏水道)
wild_jiangxia_river

* city_jiangxia 房間 14401-14430 (江夏)
city_jiangxia

* wild_yunmeng 房間 14501-14530 (雲夢大澤)
wild_yunmeng

* dng_sunken_temple 房間 14601-14630 (沉沒古廟)
dng_sunken_temple

* city_chaisang 房間 14701-14730 (柴桑)
city_chaisang

* sec_chibi_battlefield 房間 14801-14830 (赤壁古戰場)
sec_chibi_battlefield

* city_changsha 房間 14901-14930 (長沙)
city_changsha

* wild_wuling 房間 15001-15030 (武陵山)
wild_wuling

* city_lingling 房間 15101-15130 (零陵)
city_lingling

* city_guiyang 房間 15201-15230 (桂陽)
city_guiyang

* wild_nanman_jungle 房間 15301-15330 (南蠻密林)
wild_nanman_jungle

* dng_serpent_temple 房間 15401-15430 (蛇神殿)
dng_serpent_temple

* city_nanhai 房間 15501-15530 (南海)
city_nanhai

* wild_south_sea_route 房間 15601-15630 (南海外航道)
wild_south_sea_route

* dng_boat_graveyard 房間 15701-15730 (沉舟墓場)
dng_boat_graveyard

* wild_pirate_islands 房間 15801-15830 (海盜群島)
wild_pirate_islands

* fort_naval_base 房間 15901-15930 (水軍大營)
fort_naval_base

* city_jianye 房間 16001-16030 (建業)
city_jianye

* district_jianye_port 房間 16101-16130 (建業港區)
district_jianye_port

* wild_jianye_west 房間 16201-16230 (建業西郊)
wild_jianye_west

* wild_mountain_pass 房間 16301-16330 (會稽山道)
wild_mountain_pass

* city_kuaiji 房間 16401-16430 (會稽)
city_kuaiji

* dng_temple_ruins 房間 16501-16530 (山中古寺)
dng_temple_ruins

* wild_river_delta 房間 16601-16630 (江東水域)
wild_river_delta

* sec_water_ruins 房間 16701-16730 (水底遺跡)
sec_water_ruins

* city_xuzhou 房間 16801-16820 (徐州)
city_xuzhou

* road_shouchun_xuzhou 房間 16901-16920 (淮東官道)
road_shouchun_xuzhou

* city_shouchun 房間 17001-17020 (壽春)
city_shouchun

* wild_shouchun_fields 房間 17101-17120 (壽春田野)
wild_shouchun_fields

* city_puyang 房間 17201-17220 (濮陽)
city_puyang
* road_puyang 房間 17301-17320 (往濮陽官道)
road_puyang
* city_nanpi 房間 17401-17420 (南皮)
city_nanpi
* wild_hebei_plain 房間 17501-17520 (河北平原)
wild_hebei_plain
* fort_river_crossing 房間 17601-17620 (渡河營寨)
fort_river_crossing
* road_nanpi_beiping 房間 17701-17720 (河北北道)
road_nanpi_beiping
* road_yijing 房間 17801-17820 (易京官道)
road_yijing
* fort_yijing 房間 17901-17920 (易京)
fort_yijing
* wild_bailang 房間 18001-18020 (白狼山)
wild_bailang
* dng_ancient_cave 房間 18101-18120 (古洞遺跡)
dng_ancient_cave
* wild_barbarian_camp 房間 18201-18220 (胡營舊地)
wild_barbarian_camp
* city_xiangping 房間 18301-18330 (襄平)
city_xiangping

* wild_liaodong_plain 房間 18401-18420 (遼東平原)
wild_liaodong_plain

* road_north_border 房間 18501-18520 (北境邊道)
road_north_border
* fort_northern_watch 房間 18601-18620 (北方哨樓)
fort_northern_watch
