* 這個檔案是用來描述所有社交指令的檔案名稱列表

* 每一行只能寫一個社交指令﹐後面都是說明﹐系統並不會去理會﹐
* 系統會根據每個指令的第一個字元來正確的開啟其相關的目錄和
* 檔案﹐檔案必須存在﹐不然系統不能運作。

* 社交指令是有前後順序﹐當然﹐越常使用的指令盡量放在前面﹐
* 系統搜尋速度會加快。

accuse
ack
addoil
agree
ah
aluba
angry
applaud
arc
bag
bark
beep
beer
beg
bite
blush
boo
bounce
bow
buddha
burp
cackle
car
chuckle
cheer
clap
combs
comfort
confuse
cong
cower
cpr
cringe
cry
cuddle
curse
curtsey
dance
die
dog
draw
drool
excite
faint
fart
firework
flip
flop
fondle
foot
french
frown
fume
gasp
giggle
glare
grin
groan
grope
grovel
growl
grumble
grunt
hammer
hand
handshake
hehe
hi
hmm
hoho
hop
hug
idle
jump
kick
kiss
lag
laugh
leg
lick
listen
love
makarena
march
massage
miss
moan
motor
nibble
nod
nudge
nuzzle
oh
ox
pat
pk
point
poke
ponder
pong
pout
puke
punch
purr
question
rocket
ruffle
scream
sea
seal
shake
shishi
shiver
shrug
sigh
sing
slap
sm
smile
smirk
snap
snarl
sneeze
snicker
sniff
snore
snowball
snuggle
sorry
soso
spank
squeeze
stare
step
stepcorpse
strut
sulk
sweat
thank
think
tickle
tsk
twiddle
twingo
ufo
wait
waley
walk
wall
wave
whistle
wiggle
wince
wink
yawn
yes
zapp
zip
